[2026-08-18T06:36:07.491Z] runtime_session_start | session_id=20260818T063607.487240Z-pid3450218-s2 | stage=6 operation=priority_initialization mode=initialize log_file=Data/Applications/madagascar/qe_500/Logs/stage6_initialization.log scenario=Data/Applications/madagascar/qe_500 taxa=mammals_birds sdm=ppm_rangebag
[2026-08-18T06:38:50.163Z] priority_initialization_raster_loaded | session_id=20260818T063607.487240Z-pid3450218-s2 | species_index=1/188 species="Accipiter henstii" occupied_cells=836071 patches=348 elapsed_seconds=2.24
[2026-08-18T06:38:50.909Z] priority_initialization_raster_loaded | session_id=20260818T063607.487240Z-pid3450218-s2 | species_index=2/188 species="Accipiter madagascariensis" occupied_cells=1118981 patches=781 elapsed_seconds=0.74
[2026-08-18T06:38:52.388Z] priority_initialization_raster_loaded | session_id=20260818T063607.487240Z-pid3450218-s2 | species_index=3/188 species="Acrocephalus newtoni" occupied_cells=1324096 patches=22801 elapsed_seconds=1.48
[2026-08-18T06:38:53.480Z] priority_initialization_raster_loaded | session_id=20260818T063607.487240Z-pid3450218-s2 | species_index=4/188 species="Alectroenas madagascariensis" occupied_cells=739912 patches=5852 elapsed_seconds=1.09
[2026-08-18T06:38:54.518Z] priority_initialization_raster_loaded | session_id=20260818T063607.487240Z-pid3450218-s2 | species_index=5/188 species="Allocebus trichotis" occupied_cells=801 patches=10 elapsed_seconds=1.04
[2026-08-18T06:38:55.134Z] priority_initialization_raster_loaded | session_id=20260818T063607.487240Z-pid3450218-s2 | species_index=6/188 species="Anas bernieri" occupied_cells=1767 patches=10 elapsed_seconds=0.62
[2026-08-18T06:38:56.329Z] priority_initialization_raster_loaded | session_id=20260818T063607.487240Z-pid3450218-s2 | species_index=7/188 species="Apus balstoni" occupied_cells=1070554 patches=7200 elapsed_seconds=1.19
[2026-08-18T06:38:57.136Z] priority_initialization_raster_loaded | session_id=20260818T063607.487240Z-pid3450218-s2 | species_index=8/188 species="Artamella viridis" occupied_cells=1186166 patches=14955 elapsed_seconds=0.81
[2026-08-18T06:38:58.407Z] priority_initialization_raster_loaded | session_id=20260818T063607.487240Z-pid3450218-s2 | species_index=9/188 species="Asio madagascariensis" occupied_cells=738771 patches=1172 elapsed_seconds=1.27
[2026-08-18T06:38:59.720Z] priority_initialization_raster_loaded | session_id=20260818T063607.487240Z-pid3450218-s2 | species_index=10/188 species="Atelornis crossleyi" occupied_cells=128759 patches=196 elapsed_seconds=1.31
[2026-08-18T06:39:00.576Z] priority_initialization_raster_loaded | session_id=20260818T063607.487240Z-pid3450218-s2 | species_index=11/188 species="Atelornis pittoides" occupied_cells=463883 patches=958 elapsed_seconds=0.85
[2026-08-18T06:39:01.449Z] priority_initialization_raster_loaded | session_id=20260818T063607.487240Z-pid3450218-s2 | species_index=12/188 species="Athene superciliaris" occupied_cells=841192 patches=2831 elapsed_seconds=0.87
[2026-08-18T06:39:02.579Z] priority_initialization_raster_loaded | session_id=20260818T063607.487240Z-pid3450218-s2 | species_index=13/188 species="Avahi laniger" occupied_cells=425054 patches=5554 elapsed_seconds=1.13
[2026-08-18T06:39:03.635Z] priority_initialization_raster_loaded | session_id=20260818T063607.487240Z-pid3450218-s2 | species_index=14/188 species="Avahi occidentalis" occupied_cells=6911 patches=67 elapsed_seconds=1.05
[2026-08-18T06:39:04.947Z] priority_initialization_raster_loaded | session_id=20260818T063607.487240Z-pid3450218-s2 | species_index=15/188 species="Avahi peyrierasi" occupied_cells=544 patches=4 elapsed_seconds=1.31
[2026-08-18T06:39:06.008Z] priority_initialization_raster_loaded | session_id=20260818T063607.487240Z-pid3450218-s2 | species_index=16/188 species="Aviceda madagascariensis" occupied_cells=1049166 patches=678 elapsed_seconds=1.06
[2026-08-18T06:39:07.419Z] priority_initialization_raster_loaded | session_id=20260818T063607.487240Z-pid3450218-s2 | species_index=17/188 species="Bernieria madagascariensis" occupied_cells=1100003 patches=21460 elapsed_seconds=1.41
[2026-08-18T06:39:08.344Z] priority_initialization_raster_loaded | session_id=20260818T063607.487240Z-pid3450218-s2 | species_index=18/188 species="Brachypteracias leptosomus" occupied_cells=411337 patches=765 elapsed_seconds=0.92
[2026-08-18T06:39:09.343Z] priority_initialization_raster_loaded | session_id=20260818T063607.487240Z-pid3450218-s2 | species_index=19/188 species="Brachytarsomys albicauda" occupied_cells=20047 patches=293 elapsed_seconds=1
[2026-08-18T06:39:10.646Z] priority_initialization_raster_loaded | session_id=20260818T063607.487240Z-pid3450218-s2 | species_index=20/188 species="Brachyuromys betsileoensis" occupied_cells=158774 patches=3014 elapsed_seconds=1.3
[2026-08-18T06:39:11.707Z] priority_initialization_raster_loaded | session_id=20260818T063607.487240Z-pid3450218-s2 | species_index=21/188 species="Brachyuromys ramirohitra" occupied_cells=1014 patches=3 elapsed_seconds=1.06
[2026-08-18T06:39:12.716Z] priority_initialization_raster_loaded | session_id=20260818T063607.487240Z-pid3450218-s2 | species_index=22/188 species="Bradypterus brunneus" occupied_cells=141744 patches=1439 elapsed_seconds=1.01
[2026-08-18T06:39:13.772Z] priority_initialization_raster_loaded | session_id=20260818T063607.487240Z-pid3450218-s2 | species_index=23/188 species="Bradypterus seebohmi" occupied_cells=809 patches=9 elapsed_seconds=1.06
[2026-08-18T06:39:14.944Z] priority_initialization_raster_loaded | session_id=20260818T063607.487240Z-pid3450218-s2 | species_index=24/188 species="Buteo brachypterus" occupied_cells=1298901 patches=576 elapsed_seconds=1.17
[2026-08-18T06:39:16.530Z] priority_initialization_raster_loaded | session_id=20260818T063607.487240Z-pid3450218-s2 | species_index=25/188 species="Calicalicus madagascariensis" occupied_cells=1118133 patches=21955 elapsed_seconds=1.58
[2026-08-18T06:39:17.513Z] priority_initialization_raster_loaded | session_id=20260818T063607.487240Z-pid3450218-s2 | species_index=26/188 species="Ceblepyris cinereus" occupied_cells=9982 patches=82 elapsed_seconds=0.98
[2026-08-18T06:39:18.521Z] priority_initialization_raster_loaded | session_id=20260818T063607.487240Z-pid3450218-s2 | species_index=27/188 species="Cheirogaleus crossleyi" occupied_cells=63488 patches=691 elapsed_seconds=1.01
[2026-08-18T06:39:19.671Z] priority_initialization_raster_loaded | session_id=20260818T063607.487240Z-pid3450218-s2 | species_index=28/188 species="Cheirogaleus major" occupied_cells=809081 patches=14774 elapsed_seconds=1.15
[2026-08-18T06:39:21.095Z] priority_initialization_raster_loaded | session_id=20260818T063607.487240Z-pid3450218-s2 | species_index=29/188 species="Cheirogaleus medius" occupied_cells=708287 patches=23909 elapsed_seconds=1.42
[2026-08-18T06:39:22.267Z] priority_initialization_raster_loaded | session_id=20260818T063607.487240Z-pid3450218-s2 | species_index=30/188 species="Cinnyris notatus" occupied_cells=1211432 patches=54682 elapsed_seconds=1.17
[2026-08-18T06:39:23.378Z] priority_initialization_raster_loaded | session_id=20260818T063607.487240Z-pid3450218-s2 | species_index=31/188 species="Copsychus albospecularis" occupied_cells=644378 patches=9464 elapsed_seconds=1.11
[2026-08-18T06:39:24.533Z] priority_initialization_raster_loaded | session_id=20260818T063607.487240Z-pid3450218-s2 | species_index=32/188 species="Coracopsis nigra" occupied_cells=1250525 patches=7055 elapsed_seconds=1.16
[2026-08-18T06:39:25.705Z] priority_initialization_raster_loaded | session_id=20260818T063607.487240Z-pid3450218-s2 | species_index=33/188 species="Corythornis madagascariensis" occupied_cells=1010958 patches=4477 elapsed_seconds=1.17
[2026-08-18T06:39:26.778Z] priority_initialization_raster_loaded | session_id=20260818T063607.487240Z-pid3450218-s2 | species_index=34/188 species="Coua caerulea" occupied_cells=476130 patches=846 elapsed_seconds=1.07
[2026-08-18T06:39:27.919Z] priority_initialization_raster_loaded | session_id=20260818T063607.487240Z-pid3450218-s2 | species_index=35/188 species="Coua coquereli" occupied_cells=344511 patches=2313 elapsed_seconds=1.14
[2026-08-18T06:39:29.000Z] priority_initialization_raster_loaded | session_id=20260818T063607.487240Z-pid3450218-s2 | species_index=36/188 species="Coua cristata" occupied_cells=915440 patches=4229 elapsed_seconds=1.08
[2026-08-18T06:39:30.114Z] priority_initialization_raster_loaded | session_id=20260818T063607.487240Z-pid3450218-s2 | species_index=37/188 species="Coua cursor" occupied_cells=210187 patches=379 elapsed_seconds=1.11
[2026-08-18T06:39:31.222Z] priority_initialization_raster_loaded | session_id=20260818T063607.487240Z-pid3450218-s2 | species_index=38/188 species="Coua gigas" occupied_cells=353009 patches=976 elapsed_seconds=1.11
[2026-08-18T06:39:32.654Z] priority_initialization_raster_loaded | session_id=20260818T063607.487240Z-pid3450218-s2 | species_index=39/188 species="Coua reynaudii" occupied_cells=409137 patches=771 elapsed_seconds=1.43
[2026-08-18T06:39:33.742Z] priority_initialization_raster_loaded | session_id=20260818T063607.487240Z-pid3450218-s2 | species_index=40/188 species="Coua ruficeps" occupied_cells=14000 patches=34 elapsed_seconds=1.09
[2026-08-18T06:39:34.900Z] priority_initialization_raster_loaded | session_id=20260818T063607.487240Z-pid3450218-s2 | species_index=41/188 species="Coua serriana" occupied_cells=357213 patches=1024 elapsed_seconds=1.16
[2026-08-18T06:39:36.378Z] priority_initialization_raster_loaded | session_id=20260818T063607.487240Z-pid3450218-s2 | species_index=42/188 species="Crossleyia xanthophrys" occupied_cells=45658 patches=450 elapsed_seconds=1.48
[2026-08-18T06:39:37.474Z] priority_initialization_raster_loaded | session_id=20260818T063607.487240Z-pid3450218-s2 | species_index=43/188 species="Cryptoprocta ferox" occupied_cells=411390 patches=31 elapsed_seconds=1.09
[2026-08-18T06:39:38.555Z] priority_initialization_raster_loaded | session_id=20260818T063607.487240Z-pid3450218-s2 | species_index=44/188 species="Cryptosylvicola randrianasoloi" occupied_cells=65692 patches=506 elapsed_seconds=1.08
[2026-08-18T06:39:39.747Z] priority_initialization_raster_loaded | session_id=20260818T063607.487240Z-pid3450218-s2 | species_index=45/188 species="Cyanolanius madagascarinus" occupied_cells=1148506 patches=22533 elapsed_seconds=1.19
[2026-08-18T06:39:40.828Z] priority_initialization_raster_loaded | session_id=20260818T063607.487240Z-pid3450218-s2 | species_index=46/188 species="Daubentonia madagascariensis" occupied_cells=427138 patches=5332 elapsed_seconds=1.08
[2026-08-18T06:39:41.973Z] priority_initialization_raster_loaded | session_id=20260818T063607.487240Z-pid3450218-s2 | species_index=47/188 species="Echinops telfairi" occupied_cells=660343 patches=6985 elapsed_seconds=1.14
[2026-08-18T06:39:43.109Z] priority_initialization_raster_loaded | session_id=20260818T063607.487240Z-pid3450218-s2 | species_index=48/188 species="Eliurus antsingy" occupied_cells=767 patches=15 elapsed_seconds=1.14
[2026-08-18T06:39:44.519Z] priority_initialization_raster_loaded | session_id=20260818T063607.487240Z-pid3450218-s2 | species_index=49/188 species="Eliurus grandidieri" occupied_cells=10223 patches=59 elapsed_seconds=1.41
[2026-08-18T06:39:45.676Z] priority_initialization_raster_loaded | session_id=20260818T063607.487240Z-pid3450218-s2 | species_index=50/188 species="Eliurus majori" occupied_cells=505380 patches=9336 elapsed_seconds=1.16
[2026-08-18T06:39:46.830Z] priority_initialization_raster_loaded | session_id=20260818T063607.487240Z-pid3450218-s2 | species_index=51/188 species="Eliurus minor" occupied_cells=825536 patches=9748 elapsed_seconds=1.15
[2026-08-18T06:39:48.002Z] priority_initialization_raster_loaded | session_id=20260818T063607.487240Z-pid3450218-s2 | species_index=52/188 species="Eliurus myoxinus" occupied_cells=998628 patches=24068 elapsed_seconds=1.17
[2026-08-18T06:39:49.202Z] priority_initialization_raster_loaded | session_id=20260818T063607.487240Z-pid3450218-s2 | species_index=53/188 species="Eliurus tanala" occupied_cells=542149 patches=11357 elapsed_seconds=1.2
[2026-08-18T06:39:50.383Z] priority_initialization_raster_loaded | session_id=20260818T063607.487240Z-pid3450218-s2 | species_index=54/188 species="Eliurus webbi" occupied_cells=711727 patches=14771 elapsed_seconds=1.18
[2026-08-18T06:39:51.491Z] priority_initialization_raster_loaded | session_id=20260818T063607.487240Z-pid3450218-s2 | species_index=55/188 species="Eremopterix hova" occupied_cells=46400 patches=1765 elapsed_seconds=1.11
[2026-08-18T06:39:52.655Z] priority_initialization_raster_loaded | session_id=20260818T063607.487240Z-pid3450218-s2 | species_index=56/188 species="Eulemur albifrons" occupied_cells=230639 patches=4498 elapsed_seconds=1.16
[2026-08-18T06:39:53.774Z] priority_initialization_raster_loaded | session_id=20260818T063607.487240Z-pid3450218-s2 | species_index=57/188 species="Eulemur collaris" occupied_cells=79361 patches=1458 elapsed_seconds=1.12
[2026-08-18T06:39:55.014Z] priority_initialization_raster_loaded | session_id=20260818T063607.487240Z-pid3450218-s2 | species_index=58/188 species="Eulemur coronatus" occupied_cells=338616 patches=11150 elapsed_seconds=1.24
[2026-08-18T06:39:56.467Z] priority_initialization_raster_loaded | session_id=20260818T063607.487240Z-pid3450218-s2 | species_index=59/188 species="Eulemur flavifrons" occupied_cells=272 patches=1 elapsed_seconds=1.45
[2026-08-18T06:39:57.638Z] priority_initialization_raster_loaded | session_id=20260818T063607.487240Z-pid3450218-s2 | species_index=60/188 species="Eulemur fulvus" occupied_cells=1161803 patches=32056 elapsed_seconds=1.17
[2026-08-18T06:39:58.824Z] priority_initialization_raster_loaded | session_id=20260818T063607.487240Z-pid3450218-s2 | species_index=61/188 species="Eulemur macaco" occupied_cells=437532 patches=8113 elapsed_seconds=1.18
[2026-08-18T06:39:59.869Z] priority_initialization_raster_loaded | session_id=20260818T063607.487240Z-pid3450218-s2 | species_index=62/188 species="Eulemur mongoz" occupied_cells=24810 patches=430 elapsed_seconds=1.04
[2026-08-18T06:40:01.097Z] priority_initialization_raster_loaded | session_id=20260818T063607.487240Z-pid3450218-s2 | species_index=63/188 species="Eulemur rubriventer" occupied_cells=944632 patches=23106 elapsed_seconds=1.23
[2026-08-18T06:40:02.308Z] priority_initialization_raster_loaded | session_id=20260818T063607.487240Z-pid3450218-s2 | species_index=64/188 species="Eulemur rufifrons" occupied_cells=1025376 patches=17663 elapsed_seconds=1.21
[2026-08-18T06:40:03.477Z] priority_initialization_raster_loaded | session_id=20260818T063607.487240Z-pid3450218-s2 | species_index=65/188 species="Eulemur rufus" occupied_cells=589938 patches=13523 elapsed_seconds=1.17
[2026-08-18T06:40:04.643Z] priority_initialization_raster_loaded | session_id=20260818T063607.487240Z-pid3450218-s2 | species_index=66/188 species="Eulemur sanfordi" occupied_cells=72379 patches=2862 elapsed_seconds=1.17
[2026-08-18T06:40:05.769Z] priority_initialization_raster_loaded | session_id=20260818T063607.487240Z-pid3450218-s2 | species_index=67/188 species="Euryceros prevostii" occupied_cells=31004 patches=73 elapsed_seconds=1.13
[2026-08-18T06:40:06.929Z] priority_initialization_raster_loaded | session_id=20260818T063607.487240Z-pid3450218-s2 | species_index=68/188 species="Falco zoniventris" occupied_cells=735453 patches=833 elapsed_seconds=1.16
[2026-08-18T06:40:08.093Z] priority_initialization_raster_loaded | session_id=20260818T063607.487240Z-pid3450218-s2 | species_index=69/188 species="Falculea palliata" occupied_cells=350193 patches=4056 elapsed_seconds=1.16
[2026-08-18T06:40:09.231Z] priority_initialization_raster_loaded | session_id=20260818T063607.487240Z-pid3450218-s2 | species_index=70/188 species="Fossa fossana" occupied_cells=538099 patches=27 elapsed_seconds=1.14
[2026-08-18T06:40:10.531Z] priority_initialization_raster_loaded | session_id=20260818T063607.487240Z-pid3450218-s2 | species_index=71/188 species="Foudia madagascariensis" occupied_cells=1691667 patches=40249 elapsed_seconds=1.3
[2026-08-18T06:40:11.679Z] priority_initialization_raster_loaded | session_id=20260818T063607.487240Z-pid3450218-s2 | species_index=72/188 species="Foudia omissa" occupied_cells=573568 patches=8133 elapsed_seconds=1.15
[2026-08-18T06:40:12.853Z] priority_initialization_raster_loaded | session_id=20260818T063607.487240Z-pid3450218-s2 | species_index=73/188 species="Gactornis enarratus" occupied_cells=545046 patches=1819 elapsed_seconds=1.17
[2026-08-18T06:40:13.996Z] priority_initialization_raster_loaded | session_id=20260818T063607.487240Z-pid3450218-s2 | species_index=74/188 species="Galidia elegans" occupied_cells=552688 patches=49 elapsed_seconds=1.14
[2026-08-18T06:40:15.120Z] priority_initialization_raster_loaded | session_id=20260818T063607.487240Z-pid3450218-s2 | species_index=75/188 species="Galidictis fasciata" occupied_cells=46480 patches=14 elapsed_seconds=1.12
[2026-08-18T06:40:16.235Z] priority_initialization_raster_loaded | session_id=20260818T063607.487240Z-pid3450218-s2 | species_index=76/188 species="Geobiastes squamiger" occupied_cells=120950 patches=431 elapsed_seconds=1.11
[2026-08-18T06:40:17.730Z] priority_initialization_raster_loaded | session_id=20260818T063607.487240Z-pid3450218-s2 | species_index=77/188 species="Geogale aurita" occupied_cells=364722 patches=4134 elapsed_seconds=1.5
[2026-08-18T06:40:18.797Z] priority_initialization_raster_loaded | session_id=20260818T063607.487240Z-pid3450218-s2 | species_index=78/188 species="Gymnuromys roberti" occupied_cells=296276 patches=3609 elapsed_seconds=1.07
[2026-08-18T06:40:19.970Z] priority_initialization_raster_loaded | session_id=20260818T063607.487240Z-pid3450218-s2 | species_index=79/188 species="Haliaeetus vociferoides" occupied_cells=56404 patches=43 elapsed_seconds=1.17
[2026-08-18T06:40:21.136Z] priority_initialization_raster_loaded | session_id=20260818T063607.487240Z-pid3450218-s2 | species_index=80/188 species="Hapalemur aureus" occupied_cells=20298 patches=452 elapsed_seconds=1.16
[2026-08-18T06:40:22.277Z] priority_initialization_raster_loaded | session_id=20260818T063607.487240Z-pid3450218-s2 | species_index=81/188 species="Hapalemur griseus" occupied_cells=1070860 patches=18929 elapsed_seconds=1.14
[2026-08-18T06:40:23.403Z] priority_initialization_raster_loaded | session_id=20260818T063607.487240Z-pid3450218-s2 | species_index=82/188 species="Hapalemur meridionalis" occupied_cells=209 patches=3 elapsed_seconds=1.13
[2026-08-18T06:40:24.523Z] priority_initialization_raster_loaded | session_id=20260818T063607.487240Z-pid3450218-s2 | species_index=83/188 species="Hapalemur occidentalis" occupied_cells=11288 patches=342 elapsed_seconds=1.12
[2026-08-18T06:40:25.682Z] priority_initialization_raster_loaded | session_id=20260818T063607.487240Z-pid3450218-s2 | species_index=84/188 species="Hartertula flavoviridis" occupied_cells=90205 patches=909 elapsed_seconds=1.16
[2026-08-18T06:40:26.836Z] priority_initialization_raster_loaded | session_id=20260818T063607.487240Z-pid3450218-s2 | species_index=85/188 species="Hartlaubius auratus" occupied_cells=1131280 patches=31214 elapsed_seconds=1.15
[2026-08-18T06:40:27.973Z] priority_initialization_raster_loaded | session_id=20260818T063607.487240Z-pid3450218-s2 | species_index=86/188 species="Hemicentetes nigriceps" occupied_cells=22779 patches=580 elapsed_seconds=1.14
[2026-08-18T06:40:29.172Z] priority_initialization_raster_loaded | session_id=20260818T063607.487240Z-pid3450218-s2 | species_index=87/188 species="Hemicentetes semispinosus" occupied_cells=811078 patches=14063 elapsed_seconds=1.2
[2026-08-18T06:40:30.321Z] priority_initialization_raster_loaded | session_id=20260818T063607.487240Z-pid3450218-s2 | species_index=88/188 species="Hypogeomys antimena" occupied_cells=1175 patches=23 elapsed_seconds=1.15
[2026-08-18T06:40:31.503Z] priority_initialization_raster_loaded | session_id=20260818T063607.487240Z-pid3450218-s2 | species_index=89/188 species="Hypositta corallirostris" occupied_cells=692953 patches=8618 elapsed_seconds=1.18
[2026-08-18T06:40:32.693Z] priority_initialization_raster_loaded | session_id=20260818T063607.487240Z-pid3450218-s2 | species_index=90/188 species="Indri indri" occupied_cells=705335 patches=2531 elapsed_seconds=1.19
[2026-08-18T06:40:33.855Z] priority_initialization_raster_loaded | session_id=20260818T063607.487240Z-pid3450218-s2 | species_index=91/188 species="Lemur catta" occupied_cells=325327 patches=15838 elapsed_seconds=1.16
[2026-08-18T06:40:35.078Z] priority_initialization_raster_loaded | session_id=20260818T063607.487240Z-pid3450218-s2 | species_index=92/188 species="Lepidopygia nana" occupied_cells=1781499 patches=42328 elapsed_seconds=1.22
[2026-08-18T06:40:36.197Z] priority_initialization_raster_loaded | session_id=20260818T063607.487240Z-pid3450218-s2 | species_index=93/188 species="Lepilemur ankaranensis" occupied_cells=3912 patches=77 elapsed_seconds=1.12
[2026-08-18T06:40:37.363Z] priority_initialization_raster_loaded | session_id=20260818T063607.487240Z-pid3450218-s2 | species_index=94/188 species="Lepilemur edwardsi" occupied_cells=113495 patches=3286 elapsed_seconds=1.17
[2026-08-18T06:40:38.493Z] priority_initialization_raster_loaded | session_id=20260818T063607.487240Z-pid3450218-s2 | species_index=95/188 species="Lepilemur leucopus" occupied_cells=258393 patches=3254 elapsed_seconds=1.13
[2026-08-18T06:40:39.625Z] priority_initialization_raster_loaded | session_id=20260818T063607.487240Z-pid3450218-s2 | species_index=96/188 species="Lepilemur microdon" occupied_cells=53237 patches=903 elapsed_seconds=1.13
[2026-08-18T06:40:41.221Z] priority_initialization_raster_loaded | session_id=20260818T063607.487240Z-pid3450218-s2 | species_index=97/188 species="Lepilemur mustelinus" occupied_cells=1027860 patches=17749 elapsed_seconds=1.6
[2026-08-18T06:40:42.295Z] priority_initialization_raster_loaded | session_id=20260818T063607.487240Z-pid3450218-s2 | species_index=98/188 species="Lepilemur ruficaudatus" occupied_cells=214180 patches=6040 elapsed_seconds=1.07
[2026-08-18T06:40:43.936Z] priority_initialization_raster_loaded | session_id=20260818T063607.487240Z-pid3450218-s2 | species_index=99/188 species="Leptopterus chabert" occupied_cells=1348763 patches=23927 elapsed_seconds=1.64
[2026-08-18T06:40:45.061Z] priority_initialization_raster_loaded | session_id=20260818T063607.487240Z-pid3450218-s2 | species_index=100/188 species="Lophotibis cristata" occupied_cells=921097 patches=1305 elapsed_seconds=1.12
[2026-08-18T06:40:46.113Z] priority_initialization_raster_loaded | session_id=20260818T063607.487240Z-pid3450218-s2 | species_index=101/188 species="Macrotarsomys bastardi" occupied_cells=92007 patches=1104 elapsed_seconds=1.05
[2026-08-18T06:40:47.447Z] priority_initialization_raster_loaded | session_id=20260818T063607.487240Z-pid3450218-s2 | species_index=102/188 species="Margaroperdix madagarensis" occupied_cells=1214864 patches=11978 elapsed_seconds=1.33
[2026-08-18T06:40:48.526Z] priority_initialization_raster_loaded | session_id=20260818T063607.487240Z-pid3450218-s2 | species_index=103/188 species="Mentocrex kioloides" occupied_cells=374255 patches=617 elapsed_seconds=1.08
[2026-08-18T06:40:49.566Z] priority_initialization_raster_loaded | session_id=20260818T063607.487240Z-pid3450218-s2 | species_index=104/188 species="Mesitornis unicolor" occupied_cells=981 patches=3 elapsed_seconds=1.04
[2026-08-18T06:40:50.774Z] priority_initialization_raster_loaded | session_id=20260818T063607.487240Z-pid3450218-s2 | species_index=105/188 species="Mesitornis variegatus" occupied_cells=31852 patches=91 elapsed_seconds=1.21
[2026-08-18T06:40:51.819Z] priority_initialization_raster_loaded | session_id=20260818T063607.487240Z-pid3450218-s2 | species_index=106/188 species="Microcebus berthae" occupied_cells=199 patches=5 elapsed_seconds=1.04
[2026-08-18T06:40:53.023Z] priority_initialization_raster_loaded | session_id=20260818T063607.487240Z-pid3450218-s2 | species_index=107/188 species="Microcebus griseorufus" occupied_cells=5782 patches=68 elapsed_seconds=1.2
[2026-08-18T06:40:54.193Z] priority_initialization_raster_loaded | session_id=20260818T063607.487240Z-pid3450218-s2 | species_index=108/188 species="Microcebus murinus" occupied_cells=1101143 patches=32823 elapsed_seconds=1.17
[2026-08-18T06:40:55.237Z] priority_initialization_raster_loaded | session_id=20260818T063607.487240Z-pid3450218-s2 | species_index=109/188 species="Microcebus myoxinus" occupied_cells=12424 patches=371 elapsed_seconds=1.04
[2026-08-18T06:40:56.415Z] priority_initialization_raster_loaded | session_id=20260818T063607.487240Z-pid3450218-s2 | species_index=110/188 species="Microcebus ravelobensis" occupied_cells=2704 patches=75 elapsed_seconds=1.18
[2026-08-18T06:40:57.528Z] priority_initialization_raster_loaded | session_id=20260818T063607.487240Z-pid3450218-s2 | species_index=111/188 species="Microcebus rufus" occupied_cells=746939 patches=8816 elapsed_seconds=1.11
[2026-08-18T06:40:58.696Z] priority_initialization_raster_loaded | session_id=20260818T063607.487240Z-pid3450218-s2 | species_index=112/188 species="Microcebus tavaratra" occupied_cells=7291 patches=265 elapsed_seconds=1.17
[2026-08-18T06:40:59.779Z] priority_initialization_raster_loaded | session_id=20260818T063607.487240Z-pid3450218-s2 | species_index=113/188 species="Microgale brevicaudata" occupied_cells=360340 patches=5488 elapsed_seconds=1.08
[2026-08-18T06:41:00.990Z] priority_initialization_raster_loaded | session_id=20260818T063607.487240Z-pid3450218-s2 | species_index=114/188 species="Microgale cowani" occupied_cells=650140 patches=11438 elapsed_seconds=1.21
[2026-08-18T06:41:02.169Z] priority_initialization_raster_loaded | session_id=20260818T063607.487240Z-pid3450218-s2 | species_index=115/188 species="Microgale drouhardi" occupied_cells=297990 patches=2459 elapsed_seconds=1.18
[2026-08-18T06:41:03.214Z] priority_initialization_raster_loaded | session_id=20260818T063607.487240Z-pid3450218-s2 | species_index=116/188 species="Microgale dryas" occupied_cells=15197 patches=174 elapsed_seconds=1.05
[2026-08-18T06:41:04.473Z] priority_initialization_raster_loaded | session_id=20260818T063607.487240Z-pid3450218-s2 | species_index=117/188 species="Microgale fotsifotsy" occupied_cells=347644 patches=3088 elapsed_seconds=1.26
[2026-08-18T06:41:05.528Z] priority_initialization_raster_loaded | session_id=20260818T063607.487240Z-pid3450218-s2 | species_index=118/188 species="Microgale gracilis" occupied_cells=107064 patches=1384 elapsed_seconds=1.05
[2026-08-18T06:41:06.775Z] priority_initialization_raster_loaded | session_id=20260818T063607.487240Z-pid3450218-s2 | species_index=119/188 species="Microgale gymnorhyncha" occupied_cells=219162 patches=3300 elapsed_seconds=1.25
[2026-08-18T06:41:07.871Z] priority_initialization_raster_loaded | session_id=20260818T063607.487240Z-pid3450218-s2 | species_index=120/188 species="Microgale longicaudata" occupied_cells=704036 patches=7662 elapsed_seconds=1.09
[2026-08-18T06:41:08.923Z] priority_initialization_raster_loaded | session_id=20260818T063607.487240Z-pid3450218-s2 | species_index=121/188 species="Microgale majori" occupied_cells=83159 patches=576 elapsed_seconds=1.05
[2026-08-18T06:41:10.108Z] priority_initialization_raster_loaded | session_id=20260818T063607.487240Z-pid3450218-s2 | species_index=122/188 species="Microgale mergulus" occupied_cells=62323 patches=1410 elapsed_seconds=1.18
[2026-08-18T06:41:11.214Z] priority_initialization_raster_loaded | session_id=20260818T063607.487240Z-pid3450218-s2 | species_index=123/188 species="Microgale parvula" occupied_cells=705306 patches=7682 elapsed_seconds=1.11
[2026-08-18T06:41:12.426Z] priority_initialization_raster_loaded | session_id=20260818T063607.487240Z-pid3450218-s2 | species_index=124/188 species="Microgale principula" occupied_cells=563005 patches=4924 elapsed_seconds=1.21
[2026-08-18T06:41:13.493Z] priority_initialization_raster_loaded | session_id=20260818T063607.487240Z-pid3450218-s2 | species_index=125/188 species="Microgale pusilla" occupied_cells=220569 patches=2269 elapsed_seconds=1.07
[2026-08-18T06:41:14.674Z] priority_initialization_raster_loaded | session_id=20260818T063607.487240Z-pid3450218-s2 | species_index=126/188 species="Microgale soricoides" occupied_cells=306091 patches=3910 elapsed_seconds=1.18
[2026-08-18T06:41:15.866Z] priority_initialization_raster_loaded | session_id=20260818T063607.487240Z-pid3450218-s2 | species_index=127/188 species="Microgale taiva" occupied_cells=453216 patches=3531 elapsed_seconds=1.19
[2026-08-18T06:41:16.929Z] priority_initialization_raster_loaded | session_id=20260818T063607.487240Z-pid3450218-s2 | species_index=128/188 species="Microgale thomasi" occupied_cells=270746 patches=1242 elapsed_seconds=1.06
[2026-08-18T06:41:18.111Z] priority_initialization_raster_loaded | session_id=20260818T063607.487240Z-pid3450218-s2 | species_index=129/188 species="Mirza coquereli" occupied_cells=29786 patches=421 elapsed_seconds=1.18
[2026-08-18T06:41:19.154Z] priority_initialization_raster_loaded | session_id=20260818T063607.487240Z-pid3450218-s2 | species_index=130/188 species="Monias benschi" occupied_cells=893 patches=4 elapsed_seconds=1.04
[2026-08-18T06:41:20.303Z] priority_initialization_raster_loaded | session_id=20260818T063607.487240Z-pid3450218-s2 | species_index=131/188 species="Monticola erythronotus" occupied_cells=1051 patches=9 elapsed_seconds=1.15
[2026-08-18T06:41:21.352Z] priority_initialization_raster_loaded | session_id=20260818T063607.487240Z-pid3450218-s2 | species_index=132/188 species="Monticola imerina" occupied_cells=34815 patches=163 elapsed_seconds=1.05
[2026-08-18T06:41:22.626Z] priority_initialization_raster_loaded | session_id=20260818T063607.487240Z-pid3450218-s2 | species_index=133/188 species="Monticola sharpei" occupied_cells=1129897 patches=30404 elapsed_seconds=1.27
[2026-08-18T06:41:23.814Z] priority_initialization_raster_loaded | session_id=20260818T063607.487240Z-pid3450218-s2 | species_index=134/188 species="Monticolomys koopmani" occupied_cells=1194 patches=7 elapsed_seconds=1.19
[2026-08-18T06:41:24.887Z] priority_initialization_raster_loaded | session_id=20260818T063607.487240Z-pid3450218-s2 | species_index=135/188 species="Motacilla flaviventris" occupied_cells=229257 patches=5539 elapsed_seconds=1.07
[2026-08-18T06:41:26.070Z] priority_initialization_raster_loaded | session_id=20260818T063607.487240Z-pid3450218-s2 | species_index=136/188 species="Mystacornis crossleyi" occupied_cells=526153 patches=5262 elapsed_seconds=1.18
[2026-08-18T06:41:27.265Z] priority_initialization_raster_loaded | session_id=20260818T063607.487240Z-pid3450218-s2 | species_index=137/188 species="Neodrepanis coruscans" occupied_cells=329902 patches=4670 elapsed_seconds=1.19
[2026-08-18T06:41:28.304Z] priority_initialization_raster_loaded | session_id=20260818T063607.487240Z-pid3450218-s2 | species_index=138/188 species="Neodrepanis hypoxantha" occupied_cells=993 patches=3 elapsed_seconds=1.04
[2026-08-18T06:41:29.487Z] priority_initialization_raster_loaded | session_id=20260818T063607.487240Z-pid3450218-s2 | species_index=139/188 species="Neomixis striatigula" occupied_cells=649851 patches=10932 elapsed_seconds=1.18
[2026-08-18T06:41:30.774Z] priority_initialization_raster_loaded | session_id=20260818T063607.487240Z-pid3450218-s2 | species_index=140/188 species="Neomixis tenella" occupied_cells=1022912 patches=39655 elapsed_seconds=1.29
[2026-08-18T06:41:31.861Z] priority_initialization_raster_loaded | session_id=20260818T063607.487240Z-pid3450218-s2 | species_index=141/188 species="Neomixis viridis" occupied_cells=596685 patches=8239 elapsed_seconds=1.09
[2026-08-18T06:41:32.991Z] priority_initialization_raster_loaded | session_id=20260818T063607.487240Z-pid3450218-s2 | species_index=142/188 species="Nesillas lantzii" occupied_cells=31048 patches=240 elapsed_seconds=1.13
[2026-08-18T06:41:34.589Z] priority_initialization_raster_loaded | session_id=20260818T063607.487240Z-pid3450218-s2 | species_index=143/188 species="Nesogale dobsoni" occupied_cells=741124 patches=8977 elapsed_seconds=1.6
[2026-08-18T06:41:35.688Z] priority_initialization_raster_loaded | session_id=20260818T063607.487240Z-pid3450218-s2 | species_index=144/188 species="Nesogale talazaci" occupied_cells=718805 patches=9697 elapsed_seconds=1.1
[2026-08-18T06:41:36.735Z] priority_initialization_raster_loaded | session_id=20260818T063607.487240Z-pid3450218-s2 | species_index=145/188 species="Nesomys audeberti" occupied_cells=48956 patches=1556 elapsed_seconds=1.05
[2026-08-18T06:41:37.964Z] priority_initialization_raster_loaded | session_id=20260818T063607.487240Z-pid3450218-s2 | species_index=146/188 species="Nesomys lambertoni" occupied_cells=10577 patches=345 elapsed_seconds=1.23
[2026-08-18T06:41:39.046Z] priority_initialization_raster_loaded | session_id=20260818T063607.487240Z-pid3450218-s2 | species_index=147/188 species="Nesomys rufus" occupied_cells=524473 patches=10697 elapsed_seconds=1.08
[2026-08-18T06:41:40.124Z] priority_initialization_raster_loaded | session_id=20260818T063607.487240Z-pid3450218-s2 | species_index=148/188 species="Newtonia amphichroa" occupied_cells=464348 patches=3756 elapsed_seconds=1.08
[2026-08-18T06:41:41.355Z] priority_initialization_raster_loaded | session_id=20260818T063607.487240Z-pid3450218-s2 | species_index=149/188 species="Newtonia archboldi" occupied_cells=23623 patches=248 elapsed_seconds=1.23
[2026-08-18T06:41:42.555Z] priority_initialization_raster_loaded | session_id=20260818T063607.487240Z-pid3450218-s2 | species_index=150/188 species="Newtonia brunneicauda" occupied_cells=1424264 patches=40229 elapsed_seconds=1.2
[2026-08-18T06:41:43.602Z] priority_initialization_raster_loaded | session_id=20260818T063607.487240Z-pid3450218-s2 | species_index=151/188 species="Newtonia fanovanae" occupied_cells=1136 patches=6 elapsed_seconds=1.05
[2026-08-18T06:41:44.837Z] priority_initialization_raster_loaded | session_id=20260818T063607.487240Z-pid3450218-s2 | species_index=152/188 species="Oriolia bernieri" occupied_cells=158990 patches=2133 elapsed_seconds=1.23
[2026-08-18T06:41:45.940Z] priority_initialization_raster_loaded | session_id=20260818T063607.487240Z-pid3450218-s2 | species_index=153/188 species="Oryzorictes hova" occupied_cells=735175 patches=8380 elapsed_seconds=1.1
[2026-08-18T06:41:46.997Z] priority_initialization_raster_loaded | session_id=20260818T063607.487240Z-pid3450218-s2 | species_index=154/188 species="Oryzorictes tetradactylus" occupied_cells=118763 patches=2043 elapsed_seconds=1.06
[2026-08-18T06:41:48.332Z] priority_initialization_raster_loaded | session_id=20260818T063607.487240Z-pid3450218-s2 | species_index=155/188 species="Otus rutilus" occupied_cells=1129563 patches=4904 elapsed_seconds=1.33
[2026-08-18T06:41:49.427Z] priority_initialization_raster_loaded | session_id=20260818T063607.487240Z-pid3450218-s2 | species_index=156/188 species="Oxylabes madagascariensis" occupied_cells=596383 patches=6466 elapsed_seconds=1.09
[2026-08-18T06:41:50.622Z] priority_initialization_raster_loaded | session_id=20260818T063607.487240Z-pid3450218-s2 | species_index=157/188 species="Phaner electromontis" occupied_cells=188 patches=2 elapsed_seconds=1.19
[2026-08-18T06:41:51.665Z] priority_initialization_raster_loaded | session_id=20260818T063607.487240Z-pid3450218-s2 | species_index=158/188 species="Phaner furcifer" occupied_cells=9866 patches=329 elapsed_seconds=1.04
[2026-08-18T06:41:52.849Z] priority_initialization_raster_loaded | session_id=20260818T063607.487240Z-pid3450218-s2 | species_index=159/188 species="Phaner pallescens" occupied_cells=29577 patches=469 elapsed_seconds=1.18
[2026-08-18T06:41:53.892Z] priority_initialization_raster_loaded | session_id=20260818T063607.487240Z-pid3450218-s2 | species_index=160/188 species="Phaner parienti" occupied_cells=265 patches=1 elapsed_seconds=1.04
[2026-08-18T06:41:55.098Z] priority_initialization_raster_loaded | session_id=20260818T063607.487240Z-pid3450218-s2 | species_index=161/188 species="Philepitta castanea" occupied_cells=421737 patches=4371 elapsed_seconds=1.2
[2026-08-18T06:41:56.142Z] priority_initialization_raster_loaded | session_id=20260818T063607.487240Z-pid3450218-s2 | species_index=162/188 species="Philepitta schlegeli" occupied_cells=47305 patches=1637 elapsed_seconds=1.04
[2026-08-18T06:41:57.378Z] priority_initialization_raster_loaded | session_id=20260818T063607.487240Z-pid3450218-s2 | species_index=163/188 species="Ploceus nelicourvi" occupied_cells=690328 patches=8796 elapsed_seconds=1.23
[2026-08-18T06:41:58.477Z] priority_initialization_raster_loaded | session_id=20260818T063607.487240Z-pid3450218-s2 | species_index=164/188 species="Ploceus sakalava" occupied_cells=514356 patches=14095 elapsed_seconds=1.1
[2026-08-18T06:41:59.782Z] priority_initialization_raster_loaded | session_id=20260818T063607.487240Z-pid3450218-s2 | species_index=165/188 species="Polyboroides radiatus" occupied_cells=1414261 patches=906 elapsed_seconds=1.3
[2026-08-18T06:42:00.864Z] priority_initialization_raster_loaded | session_id=20260818T063607.487240Z-pid3450218-s2 | species_index=166/188 species="Pseudobias wardi" occupied_cells=464442 patches=4336 elapsed_seconds=1.08
[2026-08-18T06:42:02.028Z] priority_initialization_raster_loaded | session_id=20260818T063607.487240Z-pid3450218-s2 | species_index=167/188 species="Pterocles personatus" occupied_cells=79617 patches=376 elapsed_seconds=1.16
[2026-08-18T06:42:03.088Z] priority_initialization_raster_loaded | session_id=20260818T063607.487240Z-pid3450218-s2 | species_index=168/188 species="Rallus madagascariensis" occupied_cells=161388 patches=442 elapsed_seconds=1.06
[2026-08-18T06:42:04.311Z] priority_initialization_raster_loaded | session_id=20260818T063607.487240Z-pid3450218-s2 | species_index=169/188 species="Randia pseudozosterops" occupied_cells=518063 patches=9802 elapsed_seconds=1.22
[2026-08-18T06:42:05.359Z] priority_initialization_raster_loaded | session_id=20260818T063607.487240Z-pid3450218-s2 | species_index=170/188 species="Riparia cowani" occupied_cells=53395 patches=2417 elapsed_seconds=1.05
[2026-08-18T06:42:06.964Z] priority_initialization_raster_loaded | session_id=20260818T063607.487240Z-pid3450218-s2 | species_index=171/188 species="Sarothrura insularis" occupied_cells=856541 patches=4560 elapsed_seconds=1.6
[2026-08-18T06:42:08.042Z] priority_initialization_raster_loaded | session_id=20260818T063607.487240Z-pid3450218-s2 | species_index=172/188 species="Schetba rufa" occupied_cells=332586 patches=6317 elapsed_seconds=1.08
[2026-08-18T06:42:09.219Z] priority_initialization_raster_loaded | session_id=20260818T063607.487240Z-pid3450218-s2 | species_index=173/188 species="Setifer setosus" occupied_cells=1356120 patches=21121 elapsed_seconds=1.18
[2026-08-18T06:42:10.630Z] priority_initialization_raster_loaded | session_id=20260818T063607.487240Z-pid3450218-s2 | species_index=174/188 species="Tenrec ecaudatus" occupied_cells=1480660 patches=22074 elapsed_seconds=1.41
[2026-08-18T06:42:11.681Z] priority_initialization_raster_loaded | session_id=20260818T063607.487240Z-pid3450218-s2 | species_index=175/188 species="Thamnornis chloropetoides" occupied_cells=39071 patches=245 elapsed_seconds=1.05
[2026-08-18T06:42:12.844Z] priority_initialization_raster_loaded | session_id=20260818T063607.487240Z-pid3450218-s2 | species_index=176/188 species="Treron australis" occupied_cells=1207229 patches=6708 elapsed_seconds=1.16
[2026-08-18T06:42:14.031Z] priority_initialization_raster_loaded | session_id=20260818T063607.487240Z-pid3450218-s2 | species_index=177/188 species="Turnix nigricollis" occupied_cells=1540509 patches=8229 elapsed_seconds=1.19
[2026-08-18T06:42:15.346Z] priority_initialization_raster_loaded | session_id=20260818T063607.487240Z-pid3450218-s2 | species_index=178/188 species="Tylas eduardi" occupied_cells=657994 patches=6510 elapsed_seconds=1.31
[2026-08-18T06:42:16.516Z] priority_initialization_raster_loaded | session_id=20260818T063607.487240Z-pid3450218-s2 | species_index=179/188 species="Upupa marginata" occupied_cells=1231729 patches=11308 elapsed_seconds=1.17
[2026-08-18T06:42:17.686Z] priority_initialization_raster_loaded | session_id=20260818T063607.487240Z-pid3450218-s2 | species_index=180/188 species="Vanga curvirostris" occupied_cells=1347134 patches=17803 elapsed_seconds=1.17
[2026-08-18T06:42:18.915Z] priority_initialization_raster_loaded | session_id=20260818T063607.487240Z-pid3450218-s2 | species_index=181/188 species="Varecia rubra" occupied_cells=84937 patches=1464 elapsed_seconds=1.23
[2026-08-18T06:42:20.034Z] priority_initialization_raster_loaded | session_id=20260818T063607.487240Z-pid3450218-s2 | species_index=182/188 species="Varecia variegata" occupied_cells=813479 patches=9798 elapsed_seconds=1.12
[2026-08-18T06:42:21.079Z] priority_initialization_raster_loaded | session_id=20260818T063607.487240Z-pid3450218-s2 | species_index=183/188 species="Xanthomixis apperti" occupied_cells=780 patches=1 elapsed_seconds=1.04
[2026-08-18T06:42:22.302Z] priority_initialization_raster_loaded | session_id=20260818T063607.487240Z-pid3450218-s2 | species_index=184/188 species="Xanthomixis cinereiceps" occupied_cells=195490 patches=1848 elapsed_seconds=1.22
[2026-08-18T06:42:23.415Z] priority_initialization_raster_loaded | session_id=20260818T063607.487240Z-pid3450218-s2 | species_index=185/188 species="Xanthomixis zosterops" occupied_cells=702655 patches=12736 elapsed_seconds=1.11
[2026-08-18T06:42:24.598Z] priority_initialization_raster_loaded | session_id=20260818T063607.487240Z-pid3450218-s2 | species_index=186/188 species="Xenopirostris damii" occupied_cells=1024 patches=4 elapsed_seconds=1.18
[2026-08-18T06:42:25.662Z] priority_initialization_raster_loaded | session_id=20260818T063607.487240Z-pid3450218-s2 | species_index=187/188 species="Xenopirostris polleni" occupied_cells=197577 patches=2141 elapsed_seconds=1.06
[2026-08-18T06:42:26.948Z] priority_initialization_raster_loaded | session_id=20260818T063607.487240Z-pid3450218-s2 | species_index=188/188 species="Xenopirostris xenopirostris" occupied_cells=12639 patches=72 elapsed_seconds=1.28
[2026-08-18T06:45:11.484Z] priority_initialization_saved | session_id=20260818T063607.487240Z-pid3450218-s2 | path=Data/Applications/madagascar/qe_500/Spatial/priority_initialization.rds species=188 cells=13159758 patches=1218950 pus=23278 graphs=23278 size_bytes=442766506 elapsed_seconds=383.57
[2026-08-18T06:45:11.553Z] runtime_session_end | session_id=20260818T063607.487240Z-pid3450218-s2 | stage=6 operation=priority_initialization mode=initialize status=complete elapsed_seconds=544.062
