[2026-08-18 19:28:32.806] [info] Zonation 5 v2.4
[2026-08-18 19:28:32.963] [info] Arguments given: --gui --mode=ABF 0.25 Data/Applications/madagascar/qe_500/Zonation/settings.z5.txt Data/Applications/madagascar/qe_500/Zonation/ABF
[2026-08-18 19:28:33.022] [info] Using 8-bit quantization
[2026-08-18 19:28:33.048] [info] Using 10 threads for computation
[2026-08-18 19:28:33.057] [info] Loading project "Data/Applications/madagascar/qe_500/Zonation/settings.z5.txt"
[2026-08-18 19:28:33.068] [info] Using setting: feature list file = Data/Applications/madagascar/qe_500/Zonation/feature_list.txt
[2026-08-18 19:28:33.077] [info] Using setting: curves output interval = 9.99999975e-05
[2026-08-18 19:28:33.078] [info] Using setting: max iterations = 500
[2026-08-18 19:28:33.082] [info] Using setting: mean ranking error threshold = 0.00999999978
[2026-08-18 19:28:33.087] [info] Using setting: smoothing factor = 0
[2026-08-18 19:28:33.091] [info] Using setting: stop on plateau = 0
[2026-08-18 19:28:33.093] [info] Using setting: zero mode = all
[2026-08-18 19:28:33.099] [info] Using setting: stop after preprocessing = 0
[2026-08-18 19:28:33.102] [info] Using default setting: quantization error warning threshold = 20
[2026-08-18 19:28:33.103] [info] Loading feature layer information from "Data\Applications\madagascar\qe_500\Zonation\feature_list.txt"
[2026-08-18 19:28:33.191] [info] Validating project
[2026-08-18 19:28:33.584] [info] Reading layer data
[2026-08-18 19:28:33.697] [info] Gathering data statistics
[2026-08-18 19:28:38.709] [info] 6.7%
[2026-08-18 19:28:43.737] [info] 14.0%
[2026-08-18 19:28:48.765] [info] 20.6%
[2026-08-18 19:28:53.775] [info] 27.1%
[2026-08-18 19:28:58.794] [info] 34.4%
[2026-08-18 19:29:03.811] [info] 41.7%
[2026-08-18 19:29:08.819] [info] 49.1%
[2026-08-18 19:29:13.836] [info] 56.4%
[2026-08-18 19:29:18.855] [info] 63.7%
[2026-08-18 19:29:23.868] [info] 71.0%
[2026-08-18 19:29:28.893] [info] 76.0%
[2026-08-18 19:29:33.911] [info] 79.6%
[2026-08-18 19:29:38.930] [info] 83.2%
[2026-08-18 19:29:43.944] [info] 86.7%
[2026-08-18 19:29:48.974] [info] 90.3%
[2026-08-18 19:29:54.003] [info] 93.8%
[2026-08-18 19:29:59.019] [info] 97.4%
[2026-08-18 19:30:02.700] [info] Map dimensions (width * height): 2658*4951
[2026-08-18 19:30:02.703] [info] Number of grid cells in map (width * height): 13159758
[2026-08-18 19:30:02.722] [info] Number of grid cells in map with data: 2129706
[2026-08-18 19:30:02.732] [info] Input feature layer count: 188
[2026-08-18 19:30:02.741] [info] Feature layer count: 188
[2026-08-18 19:30:02.756] [info] Positive weight feature count: 188
[2026-08-18 19:30:02.766] [info] Negative weight feature count: 0
[2026-08-18 19:30:02.782] [info] Zero weight feature count: 0
[2026-08-18 19:30:02.793] [info] Total number of pixels with data across features: 87483804
[2026-08-18 19:30:02.803] [info] Reading feature layers
[2026-08-18 19:30:07.820] [info] 2.9%
[2026-08-18 19:30:12.849] [info] 6.2%
[2026-08-18 19:30:17.871] [info] 9.5%
[2026-08-18 19:30:22.885] [info] 12.7%
[2026-08-18 19:30:27.905] [info] 15.9%
[2026-08-18 19:30:32.914] [info] 19.0%
[2026-08-18 19:30:37.932] [info] 22.1%
[2026-08-18 19:30:42.954] [info] 25.3%
[2026-08-18 19:30:47.971] [info] 28.4%
[2026-08-18 19:30:52.989] [info] 31.6%
[2026-08-18 19:30:58.006] [info] 34.7%
[2026-08-18 19:31:03.033] [info] 37.9%
[2026-08-18 19:31:08.049] [info] 41.0%
[2026-08-18 19:31:13.061] [info] 44.2%
[2026-08-18 19:31:18.079] [info] 47.3%
[2026-08-18 19:31:23.089] [info] 50.5%
[2026-08-18 19:31:28.106] [info] 53.7%
[2026-08-18 19:31:33.122] [info] 56.9%
[2026-08-18 19:31:38.131] [info] 60.0%
[2026-08-18 19:31:43.146] [info] 63.2%
[2026-08-18 19:31:48.172] [info] 66.3%
[2026-08-18 19:31:53.191] [info] 69.5%
[2026-08-18 19:31:58.220] [info] 72.8%
[2026-08-18 19:32:03.246] [info] 76.0%
[2026-08-18 19:32:08.269] [info] 79.2%
[2026-08-18 19:32:13.286] [info] 82.4%
[2026-08-18 19:32:18.305] [info] 85.6%
[2026-08-18 19:32:23.319] [info] 88.8%
[2026-08-18 19:32:28.343] [info] 92.0%
[2026-08-18 19:32:33.350] [info] 95.2%
[2026-08-18 19:32:38.368] [info] 98.4%
[2026-08-18 19:32:40.749] [info] Mean feature extent across study area: 100.00%
[2026-08-18 19:32:40.757] [info] Memory usage of feature data: 247.79MB
[2026-08-18 19:32:40.773] [info] Mean quantization error: 0.0%
[2026-08-18 19:32:40.814] [info] Time used to read and preprocess layer data: 4m7s
[2026-08-18 19:32:40.832] [info] Computing priority rank
[2026-08-18 19:32:46.394] [info] Iteration 0, mean ranking error 0.125042%, mean rank change 2.47063%
[2026-08-18 19:32:51.493] [info] Iteration 1, mean ranking error 1.43012%, mean rank change 0.364042%
[2026-08-18 19:32:56.094] [info] Iteration 2, mean ranking error 0.76665%, mean rank change 0.150908%
[2026-08-18 19:33:00.902] [info] Iteration 3, mean ranking error 0.481593%, mean rank change 0.0862288%
[2026-08-18 19:33:06.055] [info] Iteration 4, mean ranking error 0.325886%, mean rank change 0.0551671%
[2026-08-18 19:33:11.310] [info] 91.5%
[2026-08-18 19:33:11.992] [info] Iteration 5, mean ranking error 0.232688%, mean rank change 0.0373057%
[2026-08-18 19:33:17.199] [info] 88.5%
[2026-08-18 19:33:18.089] [info] Iteration 6, mean ranking error 0.173265%, mean rank change 0.0267226%
[2026-08-18 19:33:23.348] [info] 88.4%
[2026-08-18 19:33:24.217] [info] Iteration 7, mean ranking error 0.133166%, mean rank change 0.0196549%
[2026-08-18 19:33:29.422] [info] 88.9%
[2026-08-18 19:33:30.289] [info] Iteration 8, mean ranking error 0.102860%, mean rank change 0.0144885%
[2026-08-18 19:33:35.541] [info] 89.0%
[2026-08-18 19:33:36.397] [info] Iteration 9, mean ranking error 0.0810254%, mean rank change 0.0108822%
[2026-08-18 19:33:41.611] [info] 90.2%
[2026-08-18 19:33:42.332] [info] Iteration 10, mean ranking error 0.0644319%, mean rank change 0.00811990%
[2026-08-18 19:33:47.524] [info] 89.8%
[2026-08-18 19:33:48.331] [info] Iteration 11, mean ranking error 0.0522614%, mean rank change 0.00617871%
[2026-08-18 19:33:53.572] [info] 92.0%
[2026-08-18 19:33:54.221] [info] Iteration 12, mean ranking error 0.043487%, mean rank change 0.00485652%
[2026-08-18 19:33:59.438] [info] 92.0%
[2026-08-18 19:34:00.090] [info] Iteration 13, mean ranking error 0.0365718%, mean rank change 0.00383628%
[2026-08-18 19:34:05.306] [info] 88.0%
[2026-08-18 19:34:06.219] [info] Iteration 14, mean ranking error 0.0311827%, mean rank change 0.00311256%
[2026-08-18 19:34:11.429] [info] 89.3%
[2026-08-18 19:34:12.293] [info] Iteration 15, mean ranking error 0.0269875%, mean rank change 0.00256745%
[2026-08-18 19:34:17.506] [info] 88.7%
[2026-08-18 19:34:18.383] [info] Iteration 16, mean ranking error 0.0235639%, mean rank change 0.00215914%
[2026-08-18 19:34:23.592] [info] 90.3%
[2026-08-18 19:34:24.349] [info] Iteration 17, mean ranking error 0.0207558%, mean rank change 0.00185116%
[2026-08-18 19:34:29.557] [info] 96.1%
[2026-08-18 19:34:29.960] [info] Iteration 18, mean ranking error 0.0184502%, mean rank change 0.00160356%
[2026-08-18 19:34:35.161] [info] 91.6%
[2026-08-18 19:34:35.874] [info] Iteration 19, mean ranking error 0.0165546%, mean rank change 0.00140765%
[2026-08-18 19:34:41.091] [info] 89.6%
[2026-08-18 19:34:41.920] [info] Iteration 20, mean ranking error 0.0149499%, mean rank change 0.00125297%
[2026-08-18 19:34:47.104] [info] 89.1%
[2026-08-18 19:34:47.941] [info] Iteration 21, mean ranking error 0.0135096%, mean rank change 0.00111981%
[2026-08-18 19:34:53.177] [info] 89.3%
[2026-08-18 19:34:54.001] [info] Iteration 22, mean ranking error 0.0122627%, mean rank change 0.00101357%
[2026-08-18 19:34:59.203] [info] 89.6%
[2026-08-18 19:35:00.022] [info] Iteration 23, mean ranking error 0.0112218%, mean rank change 0.000927764%
[2026-08-18 19:35:05.238] [info] 89.0%
[2026-08-18 19:35:06.114] [info] Iteration 24, mean ranking error 0.0103016%, mean rank change 0.000858132%
[2026-08-18 19:35:11.323] [info] 89.8%
[2026-08-18 19:35:12.169] [info] Iteration 25, mean ranking error 0.00952349%, mean rank change 0.000792481%
[2026-08-18 19:35:12.408] [info] Time used in prioritization: 2m31s
[2026-08-18 19:35:12.425] [info] Number of iterations: 26
[2026-08-18 19:35:12.464] [info] Final convergence level: 0.00952349%
[2026-08-18 19:35:12.507] [info] Area under curve: 0.761900
[2026-08-18 19:35:12.539] [info] Writing feature info
[2026-08-18 19:35:12.582] [info] Writing feature curves
[2026-08-18 19:35:15.068] [info] Writing priority rank map
[2026-08-18 19:35:16.622] [info] Total time used: 6m43s
[2026-08-18 19:35:16.633] [info] Number of errors: 0
[2026-08-18 19:35:16.648] [info] Number of warnings: 0
[2026-08-18 19:35:16.668] [info] Done
